
- NASM Map file ---------------------------------------------------------------

Source file:  oz.asm
Output file:  oz_usb

-- Symbols --------------------------------------------------------------------

---- No Section ---------------------------------------------------------------

Value     Name
00000000  nsectors
00000020  IRQA
00000021  IRQB
00000158  codesize
00000000  nullsel
00000008  codesel
00000010  datasel
00000018  stacksel
00000020  videosel
00006000  idt
00006180  idt_end
00007000  stack_loc
00000400  stack_size
000000A8  datasize


---- Section .text ------------------------------------------------------------

Real              Virtual           Name
            7C00              7C00  codestart
            7C00              7C00  bios_entry
            7C06              7C06  oemid
            7C24              7C24  int_handler_timer
            7C4C              7C4C  int_handler_kbd
            7C52              7C52  main
            7C9C              7C9C  flush_ip1
            7D40              7D40  idle
            7D43              7D43  puts_vga_rm
            7D48              7D48  puts_vga_rm_loop
            7D56              7D56  puts_vga_rm_done

---- Section .data ------------------------------------------------------------

Real              Virtual           Name
            7D58              7D58  datastart
            7D58              7D58  gdt
            7D80              7D80  gdt_end
            7D80              7D80  gdtr
            7D86              7D86  idtr
            7D8C              7D8C  bootmsg
            7E00              7E00  kend

