
Allocating common symbols
Common symbol       size              file

Threads             0x100             smp.o

Memory Configuration

Name             Origin             Length             Attributes
code             0x0000000040080000 0x0000000000010000
data             0x0000000040090000 0x0000000000020000
*default*        0x0000000000000000 0xffffffffffffffff

Linker script and memory map


code            0x0000000040080000     0x15a4
 boot.o(.text)
 .text          0x0000000040080000      0x148 boot.o
                0x0000000040080000                boot_entry
                0x0000000040080044                smp_entry
                0x0000000040080058                con_init
                0x0000000040080084                con_puts
                0x00000000400800d4                con_getc
                0x00000000400800ec                con_peek
 exc.o(.text)
 *fill*         0x0000000040080148       0xb8 
 .text          0x0000000040080200      0x798 exc.o
                0x0000000040080200                exc_table
 *.o(.text)
 .text          0x0000000040080998       0x90 main.o
                0x0000000040080998                exc_handler
                0x00000000400809f0                main
 .text          0x0000000040080a28      0x328 smp.o
                0x0000000040080a28                thd
                0x0000000040080ac0                smp_newcpu
                0x0000000040080bc4                smp_start_thread
                0x0000000040080cd4                smp_init
 .text          0x0000000040080d50      0x854 lib.o
                0x00000000400810ac                puts
                0x0000000040081120                sprintf
                0x0000000040081180                printf
                0x0000000040081208                strlen
                0x0000000040081238                strcpy
                0x0000000040081254                strcmp
                0x0000000040081284                memset
                0x00000000400812a0                memcpy
                0x00000000400812c0                hexdump
                0x0000000040081468                stkdump

.rodata.str1.8  0x00000000400815a8      0x268
 .rodata.str1.8
                0x00000000400815a8      0x12c main.o
 *fill*         0x00000000400816d4        0x4 
 .rodata.str1.8
                0x00000000400816d8       0x9b smp.o
 *fill*         0x0000000040081773        0x5 
 .rodata.str1.8
                0x0000000040081778       0x98 lib.o
                                         0x94 (size before relaxing)

.rodata         0x0000000040081810       0x90
 .rodata        0x0000000040081810       0x80 main.o
 .rodata        0x0000000040081890       0x10 lib.o

.eh_frame       0x00000000400818a0      0x260
 .eh_frame      0x00000000400818a0       0x58 main.o
 .eh_frame      0x00000000400818f8       0x88 smp.o
                                         0x98 (size before relaxing)
 .eh_frame      0x0000000040081980      0x180 lib.o
                                        0x198 (size before relaxing)

.iplt           0x0000000040081b00        0x0
 .iplt          0x0000000040081b00        0x0 boot.o

.igot.plt       0x0000000040081b00        0x0
 .igot.plt      0x0000000040081b00        0x0 boot.o

.rela.dyn       0x0000000040081b00        0x0
 .rela.iplt     0x0000000040081b00        0x0 boot.o
 .rela.text     0x0000000040081b00        0x0 boot.o

data            0x0000000040090000    0x10000
 *.o(.data)
 .data          0x0000000040090000       0x27 boot.o
                0x0000000040090027                boot_end
 .data          0x0000000040090027        0x0 exc.o
 .data          0x0000000040090027        0x0 main.o
 *fill*         0x0000000040090027        0x1 
 .data          0x0000000040090028        0x4 smp.o
 *fill*         0x000000004009002c        0x4 
 .data          0x0000000040090030       0x48 lib.o
 *.o(.bss)
 .bss           0x0000000040090078        0x0 boot.o
 .bss           0x0000000040090078        0x0 exc.o
 .bss           0x0000000040090078        0x0 main.o
 .bss           0x0000000040090078        0x0 smp.o
 .bss           0x0000000040090078        0x0 lib.o
 *(COMMON)
 COMMON         0x0000000040090078      0x100 smp.o
                0x0000000040090078                Threads
                0x0000000040090178                _data_start = .
                0x0000000040098000                . = ALIGN (0x18000)
 *fill*         0x0000000040090178     0x7e88 
                0x0000000040098000                _tls0 = .
                0x0000000040098000                _stack0_end = .
                0x0000000040098001                . = (. + 0x1)
 *fill*         0x0000000040098000        0x1 
                0x0000000040099000                . = ALIGN (0x1000)
 *fill*         0x0000000040098001      0xfff 
                0x0000000040099000                _stack0_start = .
                0x0000000040099000                _tls1 = .
                0x0000000040099000                _stack1_end = .
                0x0000000040099001                . = (. + 0x1)
 *fill*         0x0000000040099000        0x1 
                0x000000004009a000                . = ALIGN (0x1000)
 *fill*         0x0000000040099001      0xfff 
                0x000000004009a000                _stack1_start = .
                0x000000004009a000                _tls2 = .
                0x000000004009a000                _stack2_end = .
                0x000000004009a001                . = (. + 0x1)
 *fill*         0x000000004009a000        0x1 
                0x000000004009b000                . = ALIGN (0x1000)
 *fill*         0x000000004009a001      0xfff 
                0x000000004009b000                _stack2_start = .
                0x000000004009b000                _tls3 = .
                0x000000004009b000                _stack3_end = .
                0x000000004009b001                . = (. + 0x1)
 *fill*         0x000000004009b000        0x1 
                0x000000004009c000                . = ALIGN (0x1000)
 *fill*         0x000000004009b001      0xfff 
                0x000000004009c000                _stack3_start = .
                0x000000004009c000                _tls4 = .
                0x000000004009c000                _stack4_end = .
                0x000000004009c001                . = (. + 0x1)
 *fill*         0x000000004009c000        0x1 
                0x000000004009d000                . = ALIGN (0x1000)
 *fill*         0x000000004009c001      0xfff 
                0x000000004009d000                _stack4_start = .
                0x000000004009d000                _tls5 = .
                0x000000004009d000                _stack5_end = .
                0x000000004009d001                . = (. + 0x1)
 *fill*         0x000000004009d000        0x1 
                0x000000004009e000                . = ALIGN (0x1000)
 *fill*         0x000000004009d001      0xfff 
                0x000000004009e000                _stack5_start = .
                0x000000004009e000                _tls6 = .
                0x000000004009e000                _stack6_end = .
                0x000000004009e001                . = (. + 0x1)
 *fill*         0x000000004009e000        0x1 
                0x000000004009f000                . = ALIGN (0x1000)
 *fill*         0x000000004009e001      0xfff 
                0x000000004009f000                _stack6_start = .
                0x000000004009f000                _tls7 = .
                0x000000004009f000                _stack7_end = .
                0x000000004009f001                . = (. + 0x1)
 *fill*         0x000000004009f000        0x1 
                0x00000000400a0000                . = ALIGN (0x1000)
 *fill*         0x000000004009f001      0xfff 
                0x00000000400a0000                _stack7_start = .
                0x00000000400a0000                _data_end = .
LOAD main.o
LOAD smp.o
LOAD lib.o
OUTPUT(smp.elf elf64-littleaarch64)

.debug_line     0x0000000000000000      0xa6e
 .debug_line    0x0000000000000000       0x78 boot.o
 .debug_line    0x0000000000000078       0x57 exc.o
 .debug_line    0x00000000000000cf       0xca main.o
 .debug_line    0x0000000000000199      0x272 smp.o
 .debug_line    0x000000000000040b      0x663 lib.o

.debug_info     0x0000000000000000     0x13bb
 .debug_info    0x0000000000000000       0x2e boot.o
 .debug_info    0x000000000000002e       0x2e exc.o
 .debug_info    0x000000000000005c      0x380 main.o
 .debug_info    0x00000000000003dc      0x664 smp.o
 .debug_info    0x0000000000000a40      0x97b lib.o

.debug_abbrev   0x0000000000000000      0x66d
 .debug_abbrev  0x0000000000000000       0x14 boot.o
 .debug_abbrev  0x0000000000000014       0x14 exc.o
 .debug_abbrev  0x0000000000000028      0x17a main.o
 .debug_abbrev  0x00000000000001a2      0x279 smp.o
 .debug_abbrev  0x000000000000041b      0x252 lib.o

.debug_aranges  0x0000000000000000       0xf0
 .debug_aranges
                0x0000000000000000       0x30 boot.o
 .debug_aranges
                0x0000000000000030       0x30 exc.o
 .debug_aranges
                0x0000000000000060       0x30 main.o
 .debug_aranges
                0x0000000000000090       0x30 smp.o
 .debug_aranges
                0x00000000000000c0       0x30 lib.o

.debug_str      0x0000000000000000      0x386
 .debug_str     0x0000000000000000       0x4a boot.o
 .debug_str     0x000000000000004a        0x6 exc.o
                                         0x49 (size before relaxing)
 .debug_str     0x0000000000000050      0x16a main.o
                                        0x1cc (size before relaxing)
 .debug_str     0x00000000000001ba       0xcf smp.o
                                        0x25b (size before relaxing)
 .debug_str     0x0000000000000289       0xfd lib.o
                                        0x288 (size before relaxing)

.debug_loc      0x0000000000000000     0x21a2
 .debug_loc     0x0000000000000000      0x1f7 main.o
 .debug_loc     0x00000000000001f7      0x2ba smp.o
 .debug_loc     0x00000000000004b1     0x1cf1 lib.o

.comment        0x0000000000000000       0x11
 .comment       0x0000000000000000       0x11 main.o
                                         0x12 (size before relaxing)
 .comment       0x0000000000000011       0x12 smp.o
 .comment       0x0000000000000011       0x12 lib.o

.note.GNU-stack
                0x0000000000000000        0x0
 .note.GNU-stack
                0x0000000000000000        0x0 main.o
 .note.GNU-stack
                0x0000000000000000        0x0 smp.o
 .note.GNU-stack
                0x0000000000000000        0x0 lib.o

.debug_ranges   0x0000000000000000       0xa0
 .debug_ranges  0x0000000000000000       0xa0 lib.o
