
Allocating common symbols
Common symbol       size              file

pool0               0x8               main.o
pool4k              0x8               main.o

Memory Configuration

Name             Origin             Length             Attributes
code             0x0000000040080000 0x0000000000010000
bss              0x0000000040090000 0x0000000000010000
data             0x00000000400a0000 0x0000000000010000
*default*        0x0000000000000000 0xffffffffffffffff

Linker script and memory map


code            0x0000000040080000     0x1ab8
 boot.o(.text)
 .text          0x0000000040080000      0x168 boot.o
                0x0000000040080000                boot_entry
                0x000000004008005c                smp_entry
                0x0000000040080070                con_init
                0x000000004008009c                con_puts
                0x00000000400800ec                con_getc
                0x0000000040080104                con_peek
 exc.o(.text)
 *fill*         0x0000000040080168       0x98 
 .text          0x0000000040080200      0x798 exc.o
                0x0000000040080200                exc_table
 *.o(.text)
 .text          0x0000000040080998      0x118 main.o
                0x0000000040080998                exc_handler
                0x00000000400809d8                main
 .text          0x0000000040080ab0      0x588 mem.o
                0x0000000040080ab0                bitmap_create
                0x0000000040080ac8                bitmap_set
                0x0000000040080afc                bitmap_clear
                0x0000000040080b30                bitmap_first_1_free
                0x0000000040080bac                bitmap_first_n_free
                0x0000000040080c48                mem_alloc
                0x0000000040080dcc                mem_free
                0x0000000040080ee8                mem_pool_create
 .text          0x0000000040081038      0x1e0 smp.o
                0x00000000400810b8                smp_newcpu
                0x0000000040081110                smp_start_thread
                0x0000000040081188                smp_init
 .text          0x0000000040081218      0x8a0 lib.o
                0x0000000040081578                puts
                0x00000000400815ec                sprintf
                0x000000004008164c                printf
                0x00000000400816d8                strlen
                0x0000000040081708                strcpy
                0x0000000040081724                strcmp
                0x0000000040081754                memset
                0x0000000040081770                memcpy
                0x0000000040081790                n_bits_set
                0x00000000400817b4                hexdump
                0x000000004008195c                stkdump

.rodata.str1.8  0x0000000040081ab8      0x460
 .rodata.str1.8
                0x0000000040081ab8      0x144 main.o
 *fill*         0x0000000040081bfc        0x4 
 .rodata.str1.8
                0x0000000040081c00      0x1d1 mem.o
 *fill*         0x0000000040081dd1        0x7 
 .rodata.str1.8
                0x0000000040081dd8       0xbb smp.o
 *fill*         0x0000000040081e93        0x5 
 .rodata.str1.8
                0x0000000040081e98       0x80 lib.o
                                         0x7c (size before relaxing)

.rodata         0x0000000040081f18       0x90
 .rodata        0x0000000040081f18       0x80 main.o
 .rodata        0x0000000040081f98       0x10 lib.o

.eh_frame       0x0000000040081fa8      0x3cc
 .eh_frame      0x0000000040081fa8       0x68 main.o
 .eh_frame      0x0000000040082010      0x128 mem.o
                                        0x140 (size before relaxing)
 .eh_frame      0x0000000040082138       0x98 smp.o
                                         0xb0 (size before relaxing)
 .eh_frame      0x00000000400821d0      0x1a4 lib.o
                                        0x1b8 (size before relaxing)

.iplt           0x0000000040082374        0x0
 .iplt          0x0000000040082374        0x0 boot.o

.igot.plt       0x0000000040082378        0x0
 .igot.plt      0x0000000040082378        0x0 boot.o

.rela.dyn       0x0000000040082378        0x0
 .rela.iplt     0x0000000040082378        0x0 boot.o
 .rela.text     0x0000000040082378        0x0 boot.o

bss             0x0000000040090000     0x1000
                0x0000000040090000                _bss_start = .
 *.o(.bss)
 .bss           0x0000000040090000        0x0 boot.o
 .bss           0x0000000040090000        0x0 exc.o
 .bss           0x0000000040090000        0x0 main.o
 .bss           0x0000000040090000        0x0 mem.o
 .bss           0x0000000040090000        0x0 smp.o
 .bss           0x0000000040090000        0x0 lib.o
 *(COMMON)
 COMMON         0x0000000040090000       0x10 main.o
                0x0000000040090000                pool0
                0x0000000040090008                pool4k
                0x0000000040090010                _tls0 = .
                0x0000000040090010                _stack0_end = .
                0x0000000040090011                . = (. + 0x1)
 *fill*         0x0000000040090010        0x1 
                0x0000000040091000                . = ALIGN (0x1000)
 *fill*         0x0000000040090011      0xfef 
                0x0000000040091000                _stack0_start = .
                0x0000000040091000                _bss_end = .

data            0x00000000400a0000    0x10000
 *.o(.data)
 .data          0x00000000400a0000       0x27 boot.o
                0x00000000400a0027                boot_end
 .data          0x00000000400a0027        0x0 exc.o
 .data          0x00000000400a0027        0x0 main.o
 *fill*         0x00000000400a0027        0x1 
 .data          0x00000000400a0028       0x48 mem.o
 .data          0x00000000400a0070        0x4 smp.o
 *fill*         0x00000000400a0074        0x4 
 .data          0x00000000400a0078       0x48 lib.o
                0x00000000400b0000                . = ALIGN (0x10000)
 *fill*         0x00000000400a00c0     0xff40 
                0x00000000400b0000                _free_mem = .
LOAD main.o
LOAD mem.o
LOAD smp.o
LOAD lib.o
OUTPUT(smp.elf elf64-littleaarch64)

.debug_line     0x0000000000000000      0xf5d
 .debug_line    0x0000000000000000       0x7d boot.o
 .debug_line    0x000000000000007d       0x57 exc.o
 .debug_line    0x00000000000000d4      0x10b main.o
 .debug_line    0x00000000000001df      0x46b mem.o
 .debug_line    0x000000000000064a      0x17f smp.o
 .debug_line    0x00000000000007c9      0x794 lib.o

.debug_info     0x0000000000000000     0x217a
 .debug_info    0x0000000000000000       0x2e boot.o
 .debug_info    0x000000000000002e       0x2e exc.o
 .debug_info    0x000000000000005c      0x5a8 main.o
 .debug_info    0x0000000000000604      0x8ae mem.o
 .debug_info    0x0000000000000eb2      0x6ce smp.o
 .debug_info    0x0000000000001580      0xbfa lib.o

.debug_abbrev   0x0000000000000000      0x9c2
 .debug_abbrev  0x0000000000000000       0x14 boot.o
 .debug_abbrev  0x0000000000000014       0x14 exc.o
 .debug_abbrev  0x0000000000000028      0x1ed main.o
 .debug_abbrev  0x0000000000000215      0x240 mem.o
 .debug_abbrev  0x0000000000000455      0x28f smp.o
 .debug_abbrev  0x00000000000006e4      0x2de lib.o

.debug_aranges  0x0000000000000000      0x120
 .debug_aranges
                0x0000000000000000       0x30 boot.o
 .debug_aranges
                0x0000000000000030       0x30 exc.o
 .debug_aranges
                0x0000000000000060       0x30 main.o
 .debug_aranges
                0x0000000000000090       0x30 mem.o
 .debug_aranges
                0x00000000000000c0       0x30 smp.o
 .debug_aranges
                0x00000000000000f0       0x30 lib.o

.debug_str      0x0000000000000000      0x3ef
 .debug_str     0x0000000000000000       0x4a boot.o
 .debug_str     0x000000000000004a        0x6 exc.o
                                         0x49 (size before relaxing)
 .debug_str     0x0000000000000050      0x1d9 main.o
                                        0x25f (size before relaxing)
 .debug_str     0x0000000000000229       0x95 mem.o
                                        0x23a (size before relaxing)
 .debug_str     0x00000000000002be       0x49 smp.o
                                        0x22f (size before relaxing)
 .debug_str     0x0000000000000307       0xe8 lib.o
                                        0x2f5 (size before relaxing)

.debug_loc      0x0000000000000000     0x3408
 .debug_loc     0x0000000000000000      0x21c main.o
 .debug_loc     0x000000000000021c      0xeb8 mem.o
 .debug_loc     0x00000000000010d4      0x356 smp.o
 .debug_loc     0x000000000000142a     0x1fde lib.o

.comment        0x0000000000000000       0x11
 .comment       0x0000000000000000       0x11 main.o
                                         0x12 (size before relaxing)
 .comment       0x0000000000000011       0x12 mem.o
 .comment       0x0000000000000011       0x12 smp.o
 .comment       0x0000000000000011       0x12 lib.o

.note.GNU-stack
                0x0000000000000000        0x0
 .note.GNU-stack
                0x0000000000000000        0x0 main.o
 .note.GNU-stack
                0x0000000000000000        0x0 mem.o
 .note.GNU-stack
                0x0000000000000000        0x0 smp.o
 .note.GNU-stack
                0x0000000000000000        0x0 lib.o

.debug_ranges   0x0000000000000000      0x100
 .debug_ranges  0x0000000000000000       0x30 smp.o
 .debug_ranges  0x0000000000000030       0xd0 lib.o
