
Memory Configuration

Name             Origin             Length             Attributes
*default*        0x0000000000000000 0xffffffffffffffff

Linker script and memory map

                0x0000000000010000                . = 0x10000

.startup        0x0000000000010000       0x10
 startup.o(.text)
 .text          0x0000000000010000       0x10 startup.o
                0x0000000000010000                _Reset

.text           0x0000000000010010       0x70
 *(.text)
 .text          0x0000000000010010       0x70 test.o
                0x0000000000010010                print_uart0
                0x0000000000010064                c_entry

.rodata         0x0000000000010080       0x14
 .rodata        0x0000000000010080       0x14 test.o
                0x0000000000010080                UART0DR

.glue_7         0x0000000000010094        0x0
 .glue_7        0x0000000000010094        0x0 linker stubs

.glue_7t        0x0000000000010094        0x0
 .glue_7t       0x0000000000010094        0x0 linker stubs

.vfp11_veneer   0x0000000000010094        0x0
 .vfp11_veneer  0x0000000000010094        0x0 linker stubs

.v4_bx          0x0000000000010094        0x0
 .v4_bx         0x0000000000010094        0x0 linker stubs

.iplt           0x0000000000010094        0x0
 .iplt          0x0000000000010094        0x0 startup.o

.rel.dyn        0x0000000000010094        0x0
 .rel.iplt      0x0000000000010094        0x0 startup.o

.data           0x0000000000010094        0x0
 *(.data)
 .data          0x0000000000010094        0x0 startup.o
 .data          0x0000000000010094        0x0 test.o

.igot.plt       0x0000000000010094        0x0
 .igot.plt      0x0000000000010094        0x0 startup.o

.bss            0x0000000000010094        0x0
 *(.bss COMMON)
 .bss           0x0000000000010094        0x0 startup.o
 .bss           0x0000000000010094        0x0 test.o
                0x0000000000010098                . = ALIGN (0x8)
                0x0000000000011098                . = (. + 0x1000)
                0x0000000000011098                stack_top = .
LOAD test.o
LOAD startup.o
OUTPUT(test.elf elf32-littlearm)

.ARM.attributes
                0x0000000000000000       0x2e
 .ARM.attributes
                0x0000000000000000       0x22 startup.o
 .ARM.attributes
                0x0000000000000022       0x32 test.o

.comment        0x0000000000000000       0x1d
 .comment       0x0000000000000000       0x1d test.o
                                         0x1e (size before relaxing)

.debug_line     0x0000000000000000       0x76
 .debug_line    0x0000000000000000       0x3a startup.o
 .debug_line    0x000000000000003a       0x3c test.o

.debug_info     0x0000000000000000       0xee
 .debug_info    0x0000000000000000       0x5b startup.o
 .debug_info    0x000000000000005b       0x93 test.o

.debug_abbrev   0x0000000000000000       0x9a
 .debug_abbrev  0x0000000000000000       0x14 startup.o
 .debug_abbrev  0x0000000000000014       0x86 test.o

.debug_aranges  0x0000000000000000       0x40
 .debug_aranges
                0x0000000000000000       0x20 startup.o
 .debug_aranges
                0x0000000000000020       0x20 test.o

.debug_str      0x0000000000000000       0x78
 .debug_str     0x0000000000000000       0x78 test.o

.debug_frame    0x0000000000000000       0x4c
 .debug_frame   0x0000000000000000       0x4c test.o
